// Jest Snapshot v1, https://goo.gl/fbAQLP

exports[`renders correctly 1`] = `
<div
  className="column__header"
>
  <div
    className="column__header__title"
  >
    TODO
  </div>
  <div
    className="column__header__counter"
  >
    <div
      className="counter-box"
    >
      <div
        className="counter-box__text"
      >
        TASKS
      </div>
    </div>
  </div>
</div>
`;
